// Jest Snapshot v1, https://goo.gl/fbAQLP

exports[`Testing the ResourceDetails component expect to render ResourceDetails component 1`] = `ShallowWrapper {}`;
