// Jest Snapshot v1, https://goo.gl/fbAQLP

exports[`Testing the Resource component expect to render Resource component 1`] = `ShallowWrapper {}`;
