// Jest Snapshot v1, https://goo.gl/fbAQLP

exports[`Testing the RefList component expect to render RefList component 1`] = `ShallowWrapper {}`;
